
> ncert-solutions-hub@0.1.0 build
> next build

Γû▓ Next.js 16.2.10 (Turbopack)

node.exe : ΓÜá The "middleware" file convention is deprecated. Please use 
"proxy" instead. Learn more: 
https://nextjs.org/docs/messages/middleware-to-proxy
At line:1 char:1
+ & "C:\Program Files\nodejs/node.exe" "C:\Program Files\nodejs/node_mo ...
+ ~~~~~~~~~~~~~~~~~~~~~~~~~~~~~~~~~~~~~~~~~~~~~~~~~~~~~~~~~~~~~~~~~~~~~
    + CategoryInfo          : NotSpecified: (ΓÜá The "middle...leware-to-proxy 
   :String) [], RemoteException
    + FullyQualifiedErrorId : NativeCommandError
 
  Creating an optimized production build ...

> Build error occurred
Error: Turbopack build failed with 3 errors:
./src/app/important-questions/[classSlug]/[subjectSlug]/[chapterSlug]/content.t
sx:178:3
Return statement is not allowed here
  [90m176 |[0m   }
  [90m177 |[0m
[31m[1m>[0m [90m178 |[0m   [36mreturn[0m (
  [90m    |[0m   [31m[1m^^^^^^^[0m
[31m[1m>[0m [90m179 |[0m     <div className=[32m"relative"[0m>
  [90m    |[0m [31m[1m^^^^^^^^^^^^^^^^^^^^^^^^^^^^^^[0m
[31m[1m>[0m [90m180 |[0m       <label className=[32m"block text-sm 
font-medium text-gray-700 dark:text-gray-300 mb-1"[0m>
  [90m    |[0m [31m[1m^^^^^^^^^^^^^^^^^^^^^^^^^^^^^^^^^^^^^^^^^^^^^^^^^^^^^
^^^^^^^^^^^^^^^^^^^^^^^^^^^^^^^^^^^^[0m
[31m[1m>[0m [90m181 |[0m         [33mYour[0m answer
  [90m    |[0m [31m[1m^^^^^^^^^^^^^^^^^^^[0m
[31m[1m>[0m [90m182 |[0m         <[33mHash[0m className=[32m"h-3.5 
w-3.5 inline-block ml-1 text-teal-500"[0m />
  [90m    |[0m [31m[1m^^^^^^^^^^^^^^^^^^^^^^^^^^^^^^^^^^^^^^^^^^^^^^^^^^^^^
^^^^^^^^^^^^^^^^^^^[0m
[31m[1m>[0m [90m183 |[0m       </label>
  [90m    |[0m [31m[1m^^^^^^^^^^^^^^[0m
[31m[1m>[0m [90m184 |[0m       <div className=[32m"relative"[0m>
  [90m    |[0m [31m[1m^^^^^^^^^^^^^^^^^^^^^^^^^^^^^^^^[0m
[31m[1m>[0m [90m185 |[0m         <input
  [90m    |[0m [31m[1m^^^^^^^^^^^^^^[0m
[31m[1m>[0m [90m186 |[0m           [36mtype[0m=[32m"text"[0m
  [90m    |[0m [31m[1m^^^^^^^^^^^^^^^^^^^^^[0m
[31m[1m>[0m [90m187 |[0m           value={value}
  [90m    |[0m [31m[1m^^^^^^^^^^^^^^^^^^^^^^^[0m
[31m[1m>[0m [90m188 |[0m           onChange={handleChange}
  [90m    |[0m [31m[1m^^^^^^^^^^^^^^^^^^^^^^^^^^^^^^^^^[0m
[31m[1m>[0m [90m189 |[0m           onFocus={() => 
setFocused([36mtrue[0m)}
  [90m    |[0m [31m[1m^^^^^^^^^^^^^^^^^^^^^^^^^^^^^^^^^^^^^^^^^^[0m
[31m[1m>[0m [90m190 |[0m           onBlur={() => 
setFocused([36mfalse[0m)}
  [90m    |[0m [31m[1m^^^^^^^^^^^^^^^^^^^^^^^^^^^^^^^^^^^^^^^^^^[0m
[31m[1m>[0m [90m191 |[0m           disabled={isDisabled}
  [90m    |[0m [31m[1m^^^^^^^^^^^^^^^^^^^^^^^^^^^^^^^[0m
[31m[1m>[0m [90m192 |[0m           placeholder=[32m"Enter numerical 
answer..."[0m
  [90m    |[0m [31m[1m^^^^^^^^^^^^^^^^^^^^^^^^^^^^^^^^^^^^^^^^^^^^^^^^^[0m
[31m[1m>[0m [90m193 |[0m           className={[32m`w-full px-4 py-3 
bg-white dark:bg-gray-800 border rounded-xl text-l...[0m
  [90m    |[0m [31m[1m^^^^^^^^^^^^^^^^^^^^^^^^^^^^^^^^^^^^^^^^^^^^^^^^^^^^^
^^^^^^^^^^^^^^^^^^^^^^^^^^^^^^^^^^^^^^^[0m
[31m[1m>[0m [90m194 |[0m             isDisabled 
  [90m    |[0m [31m[1m^^^^^^^^^^^^^^^^^^^^^^^[0m
[31m[1m>[0m [90m195 |[0m               ? [32m'bg-gray-100 
dark:bg-gray-800 cursor-not-allowed'[0m 
  [90m    |[0m 
[31m[1m^^^^^^^^^^^^^^^^^^^^^^^^^^^^^^^^^^^^^^^^^^^^^^^^^^^^^^^^^^^^^^^^^^[0m
[31m[1m>[0m [90m196 |[0m               : focused 
  [90m    |[0m [31m[1m^^^^^^^^^^^^^^^^^^^^^^^^[0m
[31m[1m>[0m [90m197 |[0m                 ? [32m'border-teal-500 
dark:border-teal-400 ring-2 ring-teal-500/20'[0m 
  [90m    |[0m [31m[1m^^^^^^^^^^^^^^^^^^^^^^^^^^^^^^^^^^^^^^^^^^^^^^^^^^^^^
^^^^^^^^^^^^^^^^^^^^^^^^^^^^[0m
[31m[1m>[0m [90m198 |[0m                 : [32m'border-gray-200 
dark:border-gray-700 focus:border-teal-500 dark:focus:...[0m
  [90m    |[0m [31m[1m^^^^^^^^^^^^^^^^^^^^^^^^^^^^^^^^^^^^^^^^^^^^^^^^^^^^^
^^^^^^^^^^^^^^^^^^^^^^^^^^^^^^^^^^^^^^^[0m
[31m[1m>[0m [90m199 |[0m           [32m} focus:outline-none focus:ring-2 
focus:ring-teal-500/20`[0m}
  [90m    |[0m [31m[1m^^^^^^^^^^^^^^^^^^^^^^^^^^^^^^^^^^^^^^^^^^^^^^^^^^^^^
^^^^^^^^^^^^^^^[0m
[31m[1m>[0m [90m200 |[0m           inputMode=[32m"decimal"[0m
  [90m    |[0m [31m[1m^^^^^^^^^^^^^^^^^^^^^^^^^^^^^[0m
[31m[1m>[0m [90m201 |[0m         />
  [90m    |[0m [31m[1m^^^^^^^^^^[0m
[31m[1m>[0m [90m202 |[0m         <div className=[32m"absolute bottom-2 
right-3 text-xs text-gray-400 pointer-events-no...[0m
  [90m    |[0m [31m[1m^^^^^^^^^^^^^^^^^^^^^^^^^^^^^^^^^^^^^^^^^^^^^^^^^^^^^
^^^^^^^^^^^^^^^^^^^^^^^^^^^^^^^^^^^^^^^[0m
[31m[1m>[0m [90m203 |[0m           [33mNumerical[0m value
  [90m    |[0m [31m[1m^^^^^^^^^^^^^^^^^^^^^^^^^[0m
[31m[1m>[0m [90m204 |[0m         </div>
  [90m    |[0m [31m[1m^^^^^^^^^^^^^^[0m
[31m[1m>[0m [90m205 |[0m       </div>
  [90m    |[0m [31m[1m^^^^^^^^^^^^[0m
[31m[1m>[0m [90m206 |[0m       <p className=[32m"text-xs text-gray-400 
dark:text-gray-500 mt-1"[0m>
  [90m    |[0m [31m[1m^^^^^^^^^^^^^^^^^^^^^^^^^^^^^^^^^^^^^^^^^^^^^^^^^^^^^
^^^^^^^^^^^^^^[0m
[31m[1m>[0m [90m207 |[0m         [33mEnter[0m a numerical value (e.g., 
[35m3.14[0m, -[35m5[0m, [35m2.5e3[0m)
  [90m    |[0m 
[31m[1m^^^^^^^^^^^^^^^^^^^^^^^^^^^^^^^^^^^^^^^^^^^^^^^^^^^^^^^[0m
[31m[1m>[0m [90m208 |[0m       </p>
  [90m    |[0m [31m[1m^^^^^^^^^^[0m
[31m[1m>[0m [90m209 |[0m     </div>
  [90m    |[0m [31m[1m^^^^^^^^^^[0m
[31m[1m>[0m [90m210 |[0m   );
  [90m    |[0m [31m[1m^^^^[0m
  [90m211 |[0m }
  [90m212 |[0m
  [90m213 |[0m [36mfunction[0m [33mMcqOption[0m({

Parsing ecmascript source code failed

Import trace:
  Server Component:
    ./src/app/important-questions/[classSlug]/[subjectSlug]/[chapterSlug]/conte
nt.tsx
    
./src/app/important-questions/[classSlug]/[subjectSlug]/[chapterSlug]/page.tsx


./src/app/mcqs/[classSlug]/[subjectSlug]/[chapterSlug]/page.tsx:510:5
Return statement is not allowed here
  [90m508 |[0m
  [90m509 |[0m   [36mif[0m (!classSlug) {
[31m[1m>[0m [90m510 |[0m     [36mreturn[0m (
  [90m    |[0m     [31m[1m^^^^^^^[0m
[31m[1m>[0m [90m511 |[0m       <div className=[32m"min-h-screen 
bg-gray-50 dark:bg-gray-900 flex items-center justify-...[0m
  [90m    |[0m [31m[1m^^^^^^^^^^^^^^^^^^^^^^^^^^^^^^^^^^^^^^^^^^^^^^^^^^^^^
^^^^^^^^^^^^^^^^^^^^^^^^^^^^^^^^^^^^^^^[0m
[31m[1m>[0m [90m512 |[0m         <div className=[32m"animate-spin h-8 
w-8 border-4 border-teal-500 border-t-transparen...[0m
  [90m    |[0m [31m[1m^^^^^^^^^^^^^^^^^^^^^^^^^^^^^^^^^^^^^^^^^^^^^^^^^^^^^
^^^^^^^^^^^^^^^^^^^^^^^^^^^^^^^^^^^^^^^[0m
[31m[1m>[0m [90m513 |[0m       </div>
  [90m    |[0m [31m[1m^^^^^^^^^^^^[0m
[31m[1m>[0m [90m514 |[0m     );
  [90m    |[0m [31m[1m^^^^^^[0m
  [90m515 |[0m   }
  [90m516 |[0m
  [90m517 |[0m   [36mif[0m (!cls || !subject || !chapter) {

Parsing ecmascript source code failed


./src/app/mcqs/[classSlug]/[subjectSlug]/[chapterSlug]/page.tsx:524:3
Return statement is not allowed here
  [90m522 |[0m   [36mconst[0m subjectBookName = subjectVersion?.bookName 
|| subject.name;
  [90m523 |[0m
[31m[1m>[0m [90m524 |[0m   [36mreturn[0m (
  [90m    |[0m   [31m[1m^^^^^^^[0m
[31m[1m>[0m [90m525 |[0m     <div className=[32m"min-h-screen bg-gray-50 
dark:bg-gray-900"[0m>
  [90m    |[0m 
[31m[1m^^^^^^^^^^^^^^^^^^^^^^^^^^^^^^^^^^^^^^^^^^^^^^^^^^^^^^^^^^^^^^[0m
[31m[1m>[0m [90m526 |[0m       <div className=[32m"mx-auto max-w-4xl 
px-4 sm:px-6 lg:px-8 pt-24 pb-12"[0m>
  [90m    |[0m [31m[1m^^^^^^^^^^^^^^^^^^^^^^^^^^^^^^^^^^^^^^^^^^^^^^^^^^^^^
^^^^^^^^^^^^^^^^^^^^^[0m
[31m[1m>[0m [90m527 |[0m         <[33mBreadcrumb[0m
  [90m    |[0m [31m[1m^^^^^^^^^^^^^^^^^^^[0m
[31m[1m>[0m [90m528 |[0m           items={[
  [90m    |[0m [31m[1m^^^^^^^^^^^^^^^^^^[0m
[31m[1m>[0m [90m529 |[0m             { label: [32m'MCQs'[0m, href: 
[32m'/mcqs'[0m },
  [90m    |[0m [31m[1m^^^^^^^^^^^^^^^^^^^^^^^^^^^^^^^^^^^^^^^^^^^^^[0m
[31m[1m>[0m [90m530 |[0m             { label: cls.name, href: 
[32m`/mcqs/[0m${cls.slug[32m}`[0m },
  [90m    |[0m 
[31m[1m^^^^^^^^^^^^^^^^^^^^^^^^^^^^^^^^^^^^^^^^^^^^^^^^^^^^^^^^^^^[0m
[31m[1m>[0m [90m531 |[0m             { label: subject.name, href: 
[32m`/mcqs/[0m${cls.slug[32m}/[0m${subject.slug[32m}`[0m },
  [90m    |[0m [31m[1m^^^^^^^^^^^^^^^^^^^^^^^^^^^^^^^^^^^^^^^^^^^^^^^^^^^^^
^^^^^^^^^^^^^^^^^^^^^^^^^^[0m
[31m[1m>[0m [90m532 |[0m             { label: [32m`Ch 
[0m${chapter.chapterNumber[32m}: [0m${chapter.title[32m}`[0m, href: 
[32m`/mcqs/[0m${cls....
  [90m    |[0m [31m[1m^^^^^^^^^^^^^^^^^^^^^^^^^^^^^^^^^^^^^^^^^^^^^^^^^^^^^
^^^^^^^^^^^^^^^^^^^^^^^^^^^^^^^^^^^^^^^[0m
[31m[1m>[0m [90m533 |[0m           ]}
  [90m    |[0m [31m[1m^^^^^^^^^^^^[0m
[31m[1m>[0m [90m534 |[0m         />
  [90m    |[0m [31m[1m^^^^^^^^^^[0m
[31m[1m>[0m [90m535 |[0m
  [90m    |[0m [31m[1m^[0m
[31m[1m>[0m [90m536 |[0m         <div className=[32m"mb-8 
animate-fade-in"[0m>
  [90m    |[0m [31m[1m^^^^^^^^^^^^^^^^^^^^^^^^^^^^^^^^^^^^^^^^^^^^^^[0m
[31m[1m>[0m [90m537 |[0m           <div className=[32m"flex flex-wrap 
items-center justify-between gap-4 mb-4"[0m>
  [90m    |[0m [31m[1m^^^^^^^^^^^^^^^^^^^^^^^^^^^^^^^^^^^^^^^^^^^^^^^^^^^^^
^^^^^^^^^^^^^^^^^^^^^^^^^^^^^[0m
[31m[1m>[0m [90m538 |[0m             <[33mUpdateBadge[0m />
  [90m    |[0m [31m[1m^^^^^^^^^^^^^^^^^^^^^^^^^^^[0m
[31m[1m>[0m [90m539 |[0m             {[90m/* Version Selector */[0m}
  [90m    |[0m [31m[1m^^^^^^^^^^^^^^^^^^^^^^^^^^^^^^^^^^^^[0m
[31m[1m>[0m [90m540 |[0m             <div className=[32m"flex 
items-center gap-2"[0m>
  [90m    |[0m 
[31m[1m^^^^^^^^^^^^^^^^^^^^^^^^^^^^^^^^^^^^^^^^^^^^^^^^^^^^^[0m
[31m[1m>[0m [90m541 |[0m               <label 
htmlFor=[32m"version-select"[0m className=[32m"text-sm font-medium 
text-gray-70...[0m
  [90m    |[0m [31m[1m^^^^^^^^^^^^^^^^^^^^^^^^^^^^^^^^^^^^^^^^^^^^^^^^^^^^^
^^^^^^^^^^^^^^^^^^^^^^^^^^^^^^^^^^^^^^^[0m
[31m[1m>[0m [90m542 |[0m                 [33mSyllabus[0m:
  [90m    |[0m [31m[1m^^^^^^^^^^^^^^^^^^^^^^^^^[0m
[31m[1m>[0m [90m543 |[0m               </label>
  [90m    |[0m [31m[1m^^^^^^^^^^^^^^^^^^^^^^[0m
[31m[1m>[0m [90m544 |[0m               <select
  [90m    |[0m [31m[1m^^^^^^^^^^^^^^^^^^^^^[0m
[31m[1m>[0m [90m545 |[0m                 id=[32m"version-select"[0m
  [90m    |[0m [31m[1m^^^^^^^^^^^^^^^^^^^^^^^^^^^^^^^^^^^[0m
[31m[1m>[0m [90m546 |[0m                 value={version}
  [90m    |[0m [31m[1m^^^^^^^^^^^^^^^^^^^^^^^^^^^^^^^[0m
[31m[1m>[0m [90m547 |[0m                 onChange={(e) => 
handleVersionChange(e.target.value [36mas[0m [33mSyllabusVersion[0m)}
  [90m    |[0m [31m[1m^^^^^^^^^^^^^^^^^^^^^^^^^^^^^^^^^^^^^^^^^^^^^^^^^^^^^
^^^^^^^^^^^^^^^^^^^^^^^^^^^^^^^^^^^[0m
[31m[1m>[0m [90m548 |[0m                 className=[32m"px-3 py-2 
bg-white dark:bg-gray-800 border border-gray-200 dar...[0m
  [90m    |[0m [31m[1m^^^^^^^^^^^^^^^^^^^^^^^^^^^^^^^^^^^^^^^^^^^^^^^^^^^^^
^^^^^^^^^^^^^^^^^^^^^^^^^^^^^^^^^^^^^^^[0m
[31m[1m>[0m [90m549 |[0m               >
  [90m    |[0m [31m[1m^^^^^^^^^^^^^^^[0m
[31m[1m>[0m [90m550 |[0m                 <option 
value=[32m"2026-27"[0m>[35m2026[0m-[35m27[0m ([33mLatest[0m) - 
{subjectBookName}</option>
  [90m    |[0m [31m[1m^^^^^^^^^^^^^^^^^^^^^^^^^^^^^^^^^^^^^^^^^^^^^^^^^^^^^
^^^^^^^^^^^^^^^^^^^^^^^^^^^^^^^^[0m
[31m[1m>[0m [90m551 |[0m                 <option 
value=[32m"previous"[0m>[33mPrevious[0m 
([35m2023[0m-[35m24[0m)</option>
  [90m    |[0m [31m[1m^^^^^^^^^^^^^^^^^^^^^^^^^^^^^^^^^^^^^^^^^^^^^^^^^^^^^
^^^^^^^^^^^^^^^[0m
[31m[1m>[0m [90m552 |[0m               </select>
  [90m    |[0m [31m[1m^^^^^^^^^^^^^^^^^^^^^^^[0m
[31m[1m>[0m [90m553 |[0m             </div>
  [90m    |[0m [31m[1m^^^^^^^^^^^^^^^^^^[0m
[31m[1m>[0m [90m554 |[0m           </div>
  [90m    |[0m [31m[1m^^^^^^^^^^^^^^^^[0m
[31m[1m>[0m [90m555 |[0m
  [90m    |[0m [31m[1m^[0m
[31m[1m>[0m [90m556 |[0m           <h1 className=[32m"text-3xl 
sm:text-4xl font-bold text-gray-900 dark:text-white mb-2"[0m>
  [90m    |[0m [31m[1m^^^^^^^^^^^^^^^^^^^^^^^^^^^^^^^^^^^^^^^^^^^^^^^^^^^^^
^^^^^^^^^^^^^^^^^^^^^^^^^^^^^^^^^^^^^^^[0m
[31m[1m>[0m [90m557 |[0m             {cls.name} {subject.name}
  [90m    |[0m [31m[1m^^^^^^^^^^^^^^^^^^^^^^^^^^^^^^^^^^^^^[0m
[31m[1m>[0m [90m558 |[0m           </h1>
  [90m    |[0m [31m[1m^^^^^^^^^^^^^^^[0m
[31m[1m>[0m [90m559 |[0m           <h2 className=[32m"text-xl 
sm:text-2xl text-teal-600 font-semibold mb-4"[0m>
  [90m    |[0m [31m[1m^^^^^^^^^^^^^^^^^^^^^^^^^^^^^^^^^^^^^^^^^^^^^^^^^^^^^
^^^^^^^^^^^^^^^^^^^^^^^^^^[0m
[31m[1m>[0m [90m560 |[0m             [33mChapter[0m 
{chapter.chapterNumber}: {chapter.title} - [33mMCQs[0m
  [90m    |[0m [31m[1m^^^^^^^^^^^^^^^^^^^^^^^^^^^^^^^^^^^^^^^^^^^^^^^^^^^^^
^^^^^^^^^^^^^^[0m
[31m[1m>[0m [90m561 |[0m           </h2>
  [90m    |[0m [31m[1m^^^^^^^^^^^^^^^[0m
[31m[1m>[0m [90m562 |[0m           <p className=[32m"text-gray-600 
dark:text-gray-400"[0m>
  [90m    |[0m 
[31m[1m^^^^^^^^^^^^^^^^^^^^^^^^^^^^^^^^^^^^^^^^^^^^^^^^^^^^^^^^^^[0m
[31m[1m>[0m [90m563 |[0m             [33mTest[0m your knowledge 
[36mof[0m {chapter.title} [36mwith[0m these {mcqs.length} multiple choi...
  [90m    |[0m [31m[1m^^^^^^^^^^^^^^^^^^^^^^^^^^^^^^^^^^^^^^^^^^^^^^^^^^^^^
^^^^^^^^^^^^^^^^^^^^^^^^^^^^^^^^^^^^^^^[0m
[31m[1m>[0m [90m564 |[0m           </p>
  [90m    |[0m [31m[1m^^^^^^^^^^^^^^[0m
[31m[1m>[0m [90m565 |[0m         </div>
  [90m    |[0m [31m[1m^^^^^^^^^^^^^^[0m
[31m[1m>[0m [90m566 |[0m
  [90m    |[0m [31m[1m^[0m
[31m[1m>[0m [90m567 |[0m         {allAnswered && (
  [90m    |[0m [31m[1m^^^^^^^^^^^^^^^^^^^^^^^^^[0m
[31m[1m>[0m [90m568 |[0m           <div className=[32m"mb-8 p-6 
bg-gradient-to-r from-teal-500 to-teal-600 rounded-2xl...[0m
  [90m    |[0m [31m[1m^^^^^^^^^^^^^^^^^^^^^^^^^^^^^^^^^^^^^^^^^^^^^^^^^^^^^
^^^^^^^^^^^^^^^^^^^^^^^^^^^^^^^^^^^^^^^[0m
[31m[1m>[0m [90m569 |[0m             <div className=[32m"flex 
items-center justify-between flex-wrap gap-4"[0m>
  [90m    |[0m [31m[1m^^^^^^^^^^^^^^^^^^^^^^^^^^^^^^^^^^^^^^^^^^^^^^^^^^^^^
^^^^^^^^^^^^^^^^^^^^^^^^^^[0m
[31m[1m>[0m [90m570 |[0m               <div>
  [90m    |[0m [31m[1m^^^^^^^^^^^^^^^^^^^[0m
[31m[1m>[0m [90m571 |[0m                 <h3 className=[32m"text-xl 
font-bold mb-1"[0m>[33mQuiz[0m [33mComplete[0m!</h3>
  [90m    |[0m [31m[1m^^^^^^^^^^^^^^^^^^^^^^^^^^^^^^^^^^^^^^^^^^^^^^^^^^^^^
^^^^^^^^^^^^^^^^^^^^^[0m
[31m[1m>[0m [90m572 |[0m                 <p 
className=[32m"text-teal-100"[0m>
  [90m    |[0m [31m[1m^^^^^^^^^^^^^^^^^^^^^^^^^^^^^^^^^^^^^^^^^^^^^[0m
[31m[1m>[0m [90m573 |[0m                   [33mYou[0m scored <span 
className=[32m"text-2xl font-bold text-white"[0m>{score}<[35m/spa...[0m
  [90m    |[0m [31m[1m^^^^^^^^^^^^^^^^^^^^^^^^^^^^^^^^^^^^^^^^^^^^^^^^^^^^^
^^^^^^^^^^^^^^^^^^^^^^^^^^^^^^^^^^^^^^^[0m
[31m[1m>[0m [90m574 |[0m                 </p>
  [90m    |[0m [31m[1m^^^^^^^^^^^^^^^^^^^^[0m
[31m[1m>[0m [90m575 |[0m                 <p className=[32m"text-teal-100 
text-sm mt-1"[0m>
  [90m    |[0m 
[31m[1m^^^^^^^^^^^^^^^^^^^^^^^^^^^^^^^^^^^^^^^^^^^^^^^^^^^^^^^^^^[0m
[31m[1m>[0m [90m576 |[0m                   {score === mcqs.length ? 
[32m'Perfect score! Excellent work!'[0m :
  [90m    |[0m [31m[1m^^^^^^^^^^^^^^^^^^^^^^^^^^^^^^^^^^^^^^^^^^^^^^^^^^^^^
^^^^^^^^^^^^^^^^^^^^^^^^[0m
[31m[1m>[0m [90m577 |[0m                    score >= mcqs.length * 
[35m0.7[0m ? [32m'Great job! Keep practicing.'[0m :
  [90m    |[0m [31m[1m^^^^^^^^^^^^^^^^^^^^^^^^^^^^^^^^^^^^^^^^^^^^^^^^^^^^^
^^^^^^^^^^^^^^^^^^^^^^^^^^[0m
[31m[1m>[0m [90m578 |[0m                    score >= mcqs.length * 
[35m0.5[0m ? [32m'Good effort! Review the topics you misse...[0m
  [90m    |[0m [31m[1m^^^^^^^^^^^^^^^^^^^^^^^^^^^^^^^^^^^^^^^^^^^^^^^^^^^^^
^^^^^^^^^^^^^^^^^^^^^^^^^^^^^^^^^^^^^^^[0m
[31m[1m>[0m [90m579 |[0m                    [32m'Keep practicing! Review 
the chapter and try again.'[0m}
  [90m    |[0m [31m[1m^^^^^^^^^^^^^^^^^^^^^^^^^^^^^^^^^^^^^^^^^^^^^^^^^^^^^
^^^^^^^^^^^^^^^^^^^[0m
[31m[1m>[0m [90m580 |[0m                 </p>
  [90m    |[0m [31m[1m^^^^^^^^^^^^^^^^^^^^[0m
[31m[1m>[0m [90m581 |[0m               </div>
  [90m    |[0m [31m[1m^^^^^^^^^^^^^^^^^^^^[0m
[31m[1m>[0m [90m582 |[0m               <button
  [90m    |[0m [31m[1m^^^^^^^^^^^^^^^^^^^^^[0m
[31m[1m>[0m [90m583 |[0m                 onClick={resetQuiz}
  [90m    |[0m [31m[1m^^^^^^^^^^^^^^^^^^^^^^^^^^^^^^^^^^^[0m
[31m[1m>[0m [90m584 |[0m                 className=[32m"inline-flex 
items-center gap-2 px-5 py-2.5 bg-white text-teal-...[0m
  [90m    |[0m [31m[1m^^^^^^^^^^^^^^^^^^^^^^^^^^^^^^^^^^^^^^^^^^^^^^^^^^^^^
^^^^^^^^^^^^^^^^^^^^^^^^^^^^^^^^^^^^^^^[0m
[31m[1m>[0m [90m585 |[0m               >
  [90m    |[0m [31m[1m^^^^^^^^^^^^^^^[0m
[31m[1m>[0m [90m586 |[0m                 <[33mRotateCcw[0m 
className=[32m"h-4 w-4"[0m />
  [90m    |[0m [31m[1m^^^^^^^^^^^^^^^^^^^^^^^^^^^^^^^^^^^^^^^^^^^^^^^^^[0m
[31m[1m>[0m [90m587 |[0m                 [33mRetry[0m [33mQuiz[0m
  [90m    |[0m [31m[1m^^^^^^^^^^^^^^^^^^^^^^^^^^[0m
[31m[1m>[0m [90m588 |[0m               </button>
  [90m    |[0m [31m[1m^^^^^^^^^^^^^^^^^^^^^^^[0m
[31m[1m>[0m [90m589 |[0m             </div>
  [90m    |[0m [31m[1m^^^^^^^^^^^^^^^^^^[0m
[31m[1m>[0m [90m590 |[0m           </div>
  [90m    |[0m [31m[1m^^^^^^^^^^^^^^^^[0m
[31m[1m>[0m [90m591 |[0m         )}
  [90m    |[0m [31m[1m^^^^^^^^^^[0m
[31m[1m>[0m [90m592 |[0m
  [90m    |[0m [31m[1m^[0m
[31m[1m>[0m [90m593 |[0m         <div className=[32m"space-y-4"[0m>
  [90m    |[0m [31m[1m^^^^^^^^^^^^^^^^^^^^^^^^^^^^^^^^^^^[0m
[31m[1m>[0m [90m594 |[0m           {mcqs.map((mcq, index) => (
  [90m    |[0m [31m[1m^^^^^^^^^^^^^^^^^^^^^^^^^^^^^^^^^^^^^[0m
[31m[1m>[0m [90m595 |[0m             <[33mQuizCard[0m
  [90m    |[0m [31m[1m^^^^^^^^^^^^^^^^^^^^^[0m
[31m[1m>[0m [90m596 |[0m               key={mcq.id}
  [90m    |[0m [31m[1m^^^^^^^^^^^^^^^^^^^^^^^^^^[0m
[31m[1m>[0m [90m597 |[0m               mcq={mcq}
  [90m    |[0m [31m[1m^^^^^^^^^^^^^^^^^^^^^^^[0m
[31m[1m>[0m [90m598 |[0m               index={index}
  [90m    |[0m [31m[1m^^^^^^^^^^^^^^^^^^^^^^^^^^^[0m
[31m[1m>[0m [90m599 |[0m               selectedAnswer={answers[mcq.id] || 
[36mnull[0m}
  [90m    |[0m 
[31m[1m^^^^^^^^^^^^^^^^^^^^^^^^^^^^^^^^^^^^^^^^^^^^^^^^^^^^^^[0m
[31m[1m>[0m [90m600 |[0m               onAnswer={(answer) => 
handleAnswer(mcq.id, answer)}
  [90m    |[0m 
[31m[1m^^^^^^^^^^^^^^^^^^^^^^^^^^^^^^^^^^^^^^^^^^^^^^^^^^^^^^^^^^^^^^^^^[0m
[31m[1m>[0m [90m601 |[0m               quizSubmitted={quizSubmitted}
  [90m    |[0m [31m[1m^^^^^^^^^^^^^^^^^^^^^^^^^^^^^^^^^^^^^^^^^^^[0m
[31m[1m>[0m [90m602 |[0m             />
  [90m    |[0m [31m[1m^^^^^^^^^^^^^^[0m
[31m[1m>[0m [90m603 |[0m           ))}
  [90m    |[0m [31m[1m^^^^^^^^^^^^^[0m
[31m[1m>[0m [90m604 |[0m         </div>
  [90m    |[0m [31m[1m^^^^^^^^^^^^^^[0m
[31m[1m>[0m [90m605 |[0m
  [90m    |[0m [31m[1m^[0m
[31m[1m>[0m [90m606 |[0m         {!quizSubmitted && allAnswered && (
  [90m    |[0m [31m[1m^^^^^^^^^^^^^^^^^^^^^^^^^^^^^^^^^^^^^^^^^^^[0m
[31m[1m>[0m [90m607 |[0m           <div className=[32m"mt-8 
text-center"[0m>
  [90m    |[0m [31m[1m^^^^^^^^^^^^^^^^^^^^^^^^^^^^^^^^^^^^^^^^^^^^[0m
[31m[1m>[0m [90m608 |[0m             <button
  [90m    |[0m [31m[1m^^^^^^^^^^^^^^^^^^^[0m
[31m[1m>[0m [90m609 |[0m               onClick={handleSubmitQuiz}
  [90m    |[0m [31m[1m^^^^^^^^^^^^^^^^^^^^^^^^^^^^^^^^^^^^^^^^[0m
[31m[1m>[0m [90m610 |[0m               className=[32m"inline-flex 
items-center gap-2 px-8 py-3 bg-teal-600 text-white ...[0m
  [90m    |[0m [31m[1m^^^^^^^^^^^^^^^^^^^^^^^^^^^^^^^^^^^^^^^^^^^^^^^^^^^^^
^^^^^^^^^^^^^^^^^^^^^^^^^^^^^^^^^^^^^^^[0m
[31m[1m>[0m [90m611 |[0m             >
  [90m    |[0m [31m[1m^^^^^^^^^^^^^[0m
[31m[1m>[0m [90m612 |[0m               <[33mCheck[0m 
className=[32m"h-5 w-5"[0m />
  [90m    |[0m [31m[1m^^^^^^^^^^^^^^^^^^^^^^^^^^^^^^^^^^^^^^^^^^^[0m
[31m[1m>[0m [90m613 |[0m               [33mSubmit[0m [33mQuiz[0m
  [90m    |[0m [31m[1m^^^^^^^^^^^^^^^^^^^^^^^^^[0m
[31m[1m>[0m [90m614 |[0m             </button>
  [90m    |[0m [31m[1m^^^^^^^^^^^^^^^^^^^^^[0m
[31m[1m>[0m [90m615 |[0m             <p className=[32m"mt-2 text-sm 
text-gray-500 dark:text-gray-400"[0m>
  [90m    |[0m [31m[1m^^^^^^^^^^^^^^^^^^^^^^^^^^^^^^^^^^^^^^^^^^^^^^^^^^^^^
^^^^^^^^^^^^^^^^^^^^[0m
[31m[1m>[0m [90m616 |[0m               [33mReview[0m your answers and 
submit when ready
  [90m    |[0m 
[31m[1m^^^^^^^^^^^^^^^^^^^^^^^^^^^^^^^^^^^^^^^^^^^^^^^^^^^^^^^[0m
[31m[1m>[0m [90m617 |[0m             </p>
  [90m    |[0m [31m[1m^^^^^^^^^^^^^^^^[0m
[31m[1m>[0m [90m618 |[0m           </div>
  [90m    |[0m [31m[1m^^^^^^^^^^^^^^^^[0m
[31m[1m>[0m [90m619 |[0m         )}
  [90m    |[0m [31m[1m^^^^^^^^^^[0m
[31m[1m>[0m [90m620 |[0m
  [90m    |[0m [31m[1m^[0m
[31m[1m>[0m [90m621 |[0m         {quizSubmitted && (
  [90m    |[0m [31m[1m^^^^^^^^^^^^^^^^^^^^^^^^^^^[0m
[31m[1m>[0m [90m622 |[0m           <div className=[32m"mb-8 p-6 
bg-gradient-to-r from-teal-500 to-teal-600 rounded-2xl...[0m
  [90m    |[0m [31m[1m^^^^^^^^^^^^^^^^^^^^^^^^^^^^^^^^^^^^^^^^^^^^^^^^^^^^^
^^^^^^^^^^^^^^^^^^^^^^^^^^^^^^^^^^^^^^^[0m
[31m[1m>[0m [90m623 |[0m             <div className=[32m"flex 
items-center justify-between flex-wrap gap-4"[0m>
  [90m    |[0m [31m[1m^^^^^^^^^^^^^^^^^^^^^^^^^^^^^^^^^^^^^^^^^^^^^^^^^^^^^
^^^^^^^^^^^^^^^^^^^^^^^^^^[0m
[31m[1m>[0m [90m624 |[0m               <div>
  [90m    |[0m [31m[1m^^^^^^^^^^^^^^^^^^^[0m
[31m[1m>[0m [90m625 |[0m                 <h3 className=[32m"text-xl 
font-bold mb-1"[0m>[33mQuiz[0m [33mComplete[0m!</h3>
  [90m    |[0m [31m[1m^^^^^^^^^^^^^^^^^^^^^^^^^^^^^^^^^^^^^^^^^^^^^^^^^^^^^
^^^^^^^^^^^^^^^^^^^^^[0m
[31m[1m>[0m [90m626 |[0m                 <p 
className=[32m"text-teal-100"[0m>
  [90m    |[0m [31m[1m^^^^^^^^^^^^^^^^^^^^^^^^^^^^^^^^^^^^^^^^^^^^^[0m
[31m[1m>[0m [90m627 |[0m                   [33mYou[0m scored <span 
className=[32m"text-2xl font-bold text-white"[0m>{score}<[35m/spa...[0m
  [90m    |[0m [31m[1m^^^^^^^^^^^^^^^^^^^^^^^^^^^^^^^^^^^^^^^^^^^^^^^^^^^^^
^^^^^^^^^^^^^^^^^^^^^^^^^^^^^^^^^^^^^^^[0m
[31m[1m>[0m [90m628 |[0m                 </p>
  [90m    |[0m [31m[1m^^^^^^^^^^^^^^^^^^^^[0m
[31m[1m>[0m [90m629 |[0m                 <p className=[32m"text-teal-100 
text-sm mt-1"[0m>
  [90m    |[0m 
[31m[1m^^^^^^^^^^^^^^^^^^^^^^^^^^^^^^^^^^^^^^^^^^^^^^^^^^^^^^^^^^[0m
[31m[1m>[0m [90m630 |[0m                   {score === mcqs.length ? 
[32m'Perfect score! Excellent work!'[0m :
  [90m    |[0m [31m[1m^^^^^^^^^^^^^^^^^^^^^^^^^^^^^^^^^^^^^^^^^^^^^^^^^^^^^
^^^^^^^^^^^^^^^^^^^^^^^^[0m
[31m[1m>[0m [90m631 |[0m                    score >= mcqs.length * 
[35m0.7[0m ? [32m'Great job! Keep practicing.'[0m :
  [90m    |[0m [31m[1m^^^^^^^^^^^^^^^^^^^^^^^^^^^^^^^^^^^^^^^^^^^^^^^^^^^^^
^^^^^^^^^^^^^^^^^^^^^^^^^^[0m
[31m[1m>[0m [90m632 |[0m                    score >= mcqs.length * 
[35m0.5[0m ? [32m'Good effort! Review the topics you misse...[0m
  [90m    |[0m [31m[1m^^^^^^^^^^^^^^^^^^^^^^^^^^^^^^^^^^^^^^^^^^^^^^^^^^^^^
^^^^^^^^^^^^^^^^^^^^^^^^^^^^^^^^^^^^^^^[0m
[31m[1m>[0m [90m633 |[0m                    [32m'Keep practicing! Review 
the chapter and try again.'[0m}
  [90m    |[0m [31m[1m^^^^^^^^^^^^^^^^^^^^^^^^^^^^^^^^^^^^^^^^^^^^^^^^^^^^^
^^^^^^^^^^^^^^^^^^^[0m
[31m[1m>[0m [90m634 |[0m                 </p>
  [90m    |[0m [31m[1m^^^^^^^^^^^^^^^^^^^^[0m
[31m[1m>[0m [90m635 |[0m               </div>
  [90m    |[0m [31m[1m^^^^^^^^^^^^^^^^^^^^[0m
[31m[1m>[0m [90m636 |[0m               <button
  [90m    |[0m [31m[1m^^^^^^^^^^^^^^^^^^^^^[0m
[31m[1m>[0m [90m637 |[0m                 onClick={resetQuiz}
  [90m    |[0m [31m[1m^^^^^^^^^^^^^^^^^^^^^^^^^^^^^^^^^^^[0m
[31m[1m>[0m [90m638 |[0m                 className=[32m"inline-flex 
items-center gap-2 px-5 py-2.5 bg-white text-teal-...[0m
  [90m    |[0m [31m[1m^^^^^^^^^^^^^^^^^^^^^^^^^^^^^^^^^^^^^^^^^^^^^^^^^^^^^
^^^^^^^^^^^^^^^^^^^^^^^^^^^^^^^^^^^^^^^[0m
[31m[1m>[0m [90m639 |[0m               >
  [90m    |[0m [31m[1m^^^^^^^^^^^^^^^[0m
[31m[1m>[0m [90m640 |[0m                 <[33mRotateCcw[0m 
className=[32m"h-4 w-4"[0m />
  [90m    |[0m [31m[1m^^^^^^^^^^^^^^^^^^^^^^^^^^^^^^^^^^^^^^^^^^^^^^^^^[0m
[31m[1m>[0m [90m641 |[0m                 [33mRetry[0m [33mQuiz[0m
  [90m    |[0m [31m[1m^^^^^^^^^^^^^^^^^^^^^^^^^^[0m
[31m[1m>[0m [90m642 |[0m               </button>
  [90m    |[0m [31m[1m^^^^^^^^^^^^^^^^^^^^^^^[0m
[31m[1m>[0m [90m643 |[0m             </div>
  [90m    |[0m [31m[1m^^^^^^^^^^^^^^^^^^[0m
[31m[1m>[0m [90m644 |[0m           </div>
  [90m    |[0m [31m[1m^^^^^^^^^^^^^^^^[0m
[31m[1m>[0m [90m645 |[0m         )}
  [90m    |[0m [31m[1m^^^^^^^^^^[0m
[31m[1m>[0m [90m646 |[0m
  [90m    |[0m [31m[1m^[0m
[31m[1m>[0m [90m647 |[0m         <div className=[32m"mt-8 flex 
items-center justify-between"[0m>
  [90m    |[0m 
[31m[1m^^^^^^^^^^^^^^^^^^^^^^^^^^^^^^^^^^^^^^^^^^^^^^^^^^^^^^^^^^^^^^^^[0m
[31m[1m>[0m [90m648 |[0m           <button
  [90m    |[0m [31m[1m^^^^^^^^^^^^^^^^^[0m
[31m[1m>[0m [90m649 |[0m             onClick={resetQuiz}
  [90m    |[0m [31m[1m^^^^^^^^^^^^^^^^^^^^^^^^^^^^^^^[0m
[31m[1m>[0m [90m650 |[0m             className=[32m"inline-flex 
items-center gap-2 px-4 py-2 bg-gray-100 dark:bg-gray-...[0m
  [90m    |[0m [31m[1m^^^^^^^^^^^^^^^^^^^^^^^^^^^^^^^^^^^^^^^^^^^^^^^^^^^^^
^^^^^^^^^^^^^^^^^^^^^^^^^^^^^^^^^^^^^^^[0m
[31m[1m>[0m [90m651 |[0m           >
  [90m    |[0m [31m[1m^^^^^^^^^^^[0m
[31m[1m>[0m [90m652 |[0m             <[33mRotateCcw[0m 
className=[32m"h-4 w-4"[0m />
  [90m    |[0m [31m[1m^^^^^^^^^^^^^^^^^^^^^^^^^^^^^^^^^^^^^^^^^^^^^[0m
[31m[1m>[0m [90m653 |[0m             [33mReset[0m [33mAll[0m
  [90m    |[0m [31m[1m^^^^^^^^^^^^^^^^^^^^^[0m
[31m[1m>[0m [90m654 |[0m           </button>
  [90m    |[0m [31m[1m^^^^^^^^^^^^^^^^^^^[0m
[31m[1m>[0m [90m655 |[0m           <[33mLink[0m
  [90m    |[0m [31m[1m^^^^^^^^^^^^^^^[0m
[31m[1m>[0m [90m656 |[0m             href={[32m`/notes/[0m${cls.slug[32
m}/[0m${subject.slug[32m}/[0m${chapter.slug[32m}`[0m}
  [90m    |[0m [31m[1m^^^^^^^^^^^^^^^^^^^^^^^^^^^^^^^^^^^^^^^^^^^^^^^^^^^^^
^^^^^^^^^^^^^^^^^^[0m
[31m[1m>[0m [90m657 |[0m             className=[32m"inline-flex 
items-center gap-2 px-4 py-2 bg-teal-600 text-white ro...[0m
  [90m    |[0m [31m[1m^^^^^^^^^^^^^^^^^^^^^^^^^^^^^^^^^^^^^^^^^^^^^^^^^^^^^
^^^^^^^^^^^^^^^^^^^^^^^^^^^^^^^^^^^^^^^[0m
[31m[1m>[0m [90m658 |[0m           >
  [90m    |[0m [31m[1m^^^^^^^^^^^[0m
[31m[1m>[0m [90m659 |[0m             <[33mBookOpen[0m 
className=[32m"h-4 w-4"[0m />
  [90m    |[0m [31m[1m^^^^^^^^^^^^^^^^^^^^^^^^^^^^^^^^^^^^^^^^^^^^[0m
[31m[1m>[0m [90m660 |[0m             [33mView[0m [33mRevision[0m 
[33mNotes[0m
  [90m    |[0m [31m[1m^^^^^^^^^^^^^^^^^^^^^^^^^^^^^^^[0m
[31m[1m>[0m [90m661 |[0m             <[33mArrowRight[0m 
className=[32m"h-4 w-4"[0m />
  [90m    |[0m [31m[1m^^^^^^^^^^^^^^^^^^^^^^^^^^^^^^^^^^^^^^^^^^^^^^[0m
[31m[1m>[0m [90m662 |[0m           </[33mLink[0m>
  [90m    |[0m [31m[1m^^^^^^^^^^^^^^^^^[0m
[31m[1m>[0m [90m663 |[0m         </div>
  [90m    |[0m [31m[1m^^^^^^^^^^^^^^[0m
[31m[1m>[0m [90m664 |[0m       </div>
  [90m    |[0m [31m[1m^^^^^^^^^^^^[0m
[31m[1m>[0m [90m665 |[0m     </div>
  [90m    |[0m [31m[1m^^^^^^^^^^[0m
[31m[1m>[0m [90m666 |[0m   );
  [90m    |[0m [31m[1m^^^^[0m
  [90m667 |[0m }
  [90m668 |[0m

Parsing ecmascript source code failed


    at <unknown> (./src/app/important-questions/[classSlug]/[subjectSlug]/[chap
terSlug]/content.tsx:178:3)
    at <unknown> 
(./src/app/mcqs/[classSlug]/[subjectSlug]/[chapterSlug]/page.tsx:510:5)
    at <unknown> 
(./src/app/mcqs/[classSlug]/[subjectSlug]/[chapterSlug]/page.tsx:524:3)
